// Jest Snapshot v1, https://goo.gl/fbAQLP

exports[`Card renders the UI as expected 1`] = `
<div
  className="Card"
>
  <button
    type="button"
  >
    Delete
  </button>
  <h3>
    Hello
  </h3>
  <p />
</div>
`;
